
> talentnet-library-server@1.0.0 build
> tsc

src/connectors/calendar.connector.ts(167,44): error TS2713: Cannot access 'calendar_v3.Schema$Event' because 'calendar_v3' is a type, but not a namespace. Did you mean to retrieve the type of the property 'Schema$Event' in 'calendar_v3' with 'calendar_v3["Schema$Event"]'?
src/connectors/calendar.connector.ts(203,82): error TS7006: Parameter 'e' implicitly has an 'any' type.
src/connectors/calendar.connector.ts(237,29): error TS2322: Type 'object | null' is not assignable to type 'NullableJsonNullValueInput | InputJsonValue | undefined'.
  Type 'null' is not assignable to type 'NullableJsonNullValueInput | InputJsonValue | undefined'.
src/connectors/calendar.connector.ts(251,29): error TS2322: Type 'object | null' is not assignable to type 'NullableJsonNullValueInput | InputJsonValue | undefined'.
  Type 'null' is not assignable to type 'NullableJsonNullValueInput | InputJsonValue | undefined'.
src/connectors/calendar.connector.ts(397,41): error TS2322: Type 'object | null' is not assignable to type 'NullableJsonNullValueInput | InputJsonValue | undefined'.
  Type 'null' is not assignable to type 'NullableJsonNullValueInput | InputJsonValue | undefined'.
src/connectors/drive.connector.ts(171,29): error TS2322: Type 'Schema$File' is not assignable to type 'JsonNull | InputJsonValue'.
  Type 'Schema$File' is not assignable to type 'InputJsonObject'.
    Index signature for type 'string' is missing in type 'Schema$File'.
src/connectors/drive.connector.ts(177,29): error TS2322: Type 'Schema$File' is not assignable to type 'JsonNull | InputJsonValue | undefined'.
  Type 'Schema$File' is not assignable to type 'InputJsonObject'.
    Index signature for type 'string' is missing in type 'Schema$File'.
src/connectors/drive.connector.ts(265,23): error TS7022: 'changesResponse' implicitly has type 'any' because it does not have a type annotation and is referenced directly or indirectly in its own initializer.
src/index.ts(44,13): error TS18046: 'error' is of type 'unknown'.
src/index.ts(48,37): error TS18046: 'error' is of type 'unknown'.
src/index.ts(53,29): error TS18046: 'error' is of type 'unknown'.
src/index.ts(56,19): error TS18046: 'error' is of type 'unknown'.
src/jobs/queues.ts(13,5): error TS2322: Type 'Redis' is not assignable to type 'ConnectionOptions'.
  Type 'Redis' is not assignable to type 'ClusterOptions | Redis | Cluster'.
    Type 'import("C:/Users/thain/PycharmProjects/idea-nests/server/node_modules/ioredis/built/Redis").default' is not assignable to type 'import("C:/Users/thain/PycharmProjects/idea-nests/server/node_modules/bullmq/node_modules/ioredis/built/Redis").default'.
      Types of property 'options' are incompatible.
        Type 'import("C:/Users/thain/PycharmProjects/idea-nests/server/node_modules/ioredis/built/redis/RedisOptions").RedisOptions' is not assignable to type 'import("C:/Users/thain/PycharmProjects/idea-nests/server/node_modules/bullmq/node_modules/ioredis/built/redis/RedisOptions").RedisOptions'.
          Type 'RedisOptions' is not assignable to type 'CommonRedisOptions'.
            Types of property 'Connector' are incompatible.
              Type 'import("C:/Users/thain/PycharmProjects/idea-nests/server/node_modules/ioredis/built/connectors/ConnectorConstructor").default | undefined' is not assignable to type 'import("C:/Users/thain/PycharmProjects/idea-nests/server/node_modules/bullmq/node_modules/ioredis/built/connectors/ConnectorConstructor").default | undefined'.
                Type 'import("C:/Users/thain/PycharmProjects/idea-nests/server/node_modules/ioredis/built/connectors/ConnectorConstructor").default' is not assignable to type 'import("C:/Users/thain/PycharmProjects/idea-nests/server/node_modules/bullmq/node_modules/ioredis/built/connectors/ConnectorConstructor").default'.
                  Type 'import("C:/Users/thain/PycharmProjects/idea-nests/server/node_modules/ioredis/built/connectors/AbstractConnector").default' is not assignable to type 'import("C:/Users/thain/PycharmProjects/idea-nests/server/node_modules/bullmq/node_modules/ioredis/built/connectors/AbstractConnector").default'.
                    Property 'connecting' is protected but type 'AbstractConnector' is not a class derived from 'AbstractConnector'.
src/jobs/queues.ts(26,5): error TS2322: Type 'Redis' is not assignable to type 'ConnectionOptions'.
  Type 'Redis' is not assignable to type 'ClusterOptions | Redis | Cluster'.
    Type 'import("C:/Users/thain/PycharmProjects/idea-nests/server/node_modules/ioredis/built/Redis").default' is not assignable to type 'import("C:/Users/thain/PycharmProjects/idea-nests/server/node_modules/bullmq/node_modules/ioredis/built/Redis").default'.
      Types of property 'options' are incompatible.
        Type 'import("C:/Users/thain/PycharmProjects/idea-nests/server/node_modules/ioredis/built/redis/RedisOptions").RedisOptions' is not assignable to type 'import("C:/Users/thain/PycharmProjects/idea-nests/server/node_modules/bullmq/node_modules/ioredis/built/redis/RedisOptions").RedisOptions'.
          Type 'RedisOptions' is not assignable to type 'CommonRedisOptions'.
            Types of property 'Connector' are incompatible.
              Type 'import("C:/Users/thain/PycharmProjects/idea-nests/server/node_modules/ioredis/built/connectors/ConnectorConstructor").default | undefined' is not assignable to type 'import("C:/Users/thain/PycharmProjects/idea-nests/server/node_modules/bullmq/node_modules/ioredis/built/connectors/ConnectorConstructor").default | undefined'.
                Type 'import("C:/Users/thain/PycharmProjects/idea-nests/server/node_modules/ioredis/built/connectors/ConnectorConstructor").default' is not assignable to type 'import("C:/Users/thain/PycharmProjects/idea-nests/server/node_modules/bullmq/node_modules/ioredis/built/connectors/ConnectorConstructor").default'.
                  Type 'import("C:/Users/thain/PycharmProjects/idea-nests/server/node_modules/ioredis/built/connectors/AbstractConnector").default' is not assignable to type 'import("C:/Users/thain/PycharmProjects/idea-nests/server/node_modules/bullmq/node_modules/ioredis/built/connectors/AbstractConnector").default'.
                    Property 'connecting' is protected but type 'AbstractConnector' is not a class derived from 'AbstractConnector'.
src/jobs/queues.ts(122,33): error TS2352: Conversion of type 'string | number | boolean | JsonObject | JsonArray' to type 'CursorState' may be a mistake because neither type sufficiently overlaps with the other. If this was intentional, convert the expression to 'unknown' first.
  Type 'JsonArray' is not comparable to type 'CursorState'.
src/jobs/queues.ts(134,25): error TS2322: Type 'CursorState | undefined' is not assignable to type 'NullableJsonNullValueInput | InputJsonValue | undefined'.
  Type 'DriveCursor' is not assignable to type 'NullableJsonNullValueInput | InputJsonValue | undefined'.
    Type 'DriveCursor' is not assignable to type 'InputJsonObject'.
      Index signature for type 'string' is missing in type 'DriveCursor'.
src/jobs/queues.ts(190,13): error TS2322: Type 'Redis' is not assignable to type 'ConnectionOptions'.
  Type 'Redis' is not assignable to type 'ClusterOptions | Redis | Cluster'.
    Type 'import("C:/Users/thain/PycharmProjects/idea-nests/server/node_modules/ioredis/built/Redis").default' is not assignable to type 'import("C:/Users/thain/PycharmProjects/idea-nests/server/node_modules/bullmq/node_modules/ioredis/built/Redis").default'.
      Types of property 'options' are incompatible.
        Type 'import("C:/Users/thain/PycharmProjects/idea-nests/server/node_modules/ioredis/built/redis/RedisOptions").RedisOptions' is not assignable to type 'import("C:/Users/thain/PycharmProjects/idea-nests/server/node_modules/bullmq/node_modules/ioredis/built/redis/RedisOptions").RedisOptions'.
          Type 'RedisOptions' is not assignable to type 'CommonRedisOptions'.
            Types of property 'Connector' are incompatible.
              Type 'import("C:/Users/thain/PycharmProjects/idea-nests/server/node_modules/ioredis/built/connectors/ConnectorConstructor").default | undefined' is not assignable to type 'import("C:/Users/thain/PycharmProjects/idea-nests/server/node_modules/bullmq/node_modules/ioredis/built/connectors/ConnectorConstructor").default | undefined'.
                Type 'import("C:/Users/thain/PycharmProjects/idea-nests/server/node_modules/ioredis/built/connectors/ConnectorConstructor").default' is not assignable to type 'import("C:/Users/thain/PycharmProjects/idea-nests/server/node_modules/bullmq/node_modules/ioredis/built/connectors/ConnectorConstructor").default'.
                  Type 'import("C:/Users/thain/PycharmProjects/idea-nests/server/node_modules/ioredis/built/connectors/AbstractConnector").default' is not assignable to type 'import("C:/Users/thain/PycharmProjects/idea-nests/server/node_modules/bullmq/node_modules/ioredis/built/connectors/AbstractConnector").default'.
                    Property 'connecting' is protected but type 'AbstractConnector' is not a class derived from 'AbstractConnector'.
src/jobs/queues.ts(228,13): error TS2322: Type 'Redis' is not assignable to type 'ConnectionOptions'.
  Type 'Redis' is not assignable to type 'ClusterOptions | Redis | Cluster'.
    Type 'import("C:/Users/thain/PycharmProjects/idea-nests/server/node_modules/ioredis/built/Redis").default' is not assignable to type 'import("C:/Users/thain/PycharmProjects/idea-nests/server/node_modules/bullmq/node_modules/ioredis/built/Redis").default'.
      Types of property 'options' are incompatible.
        Type 'import("C:/Users/thain/PycharmProjects/idea-nests/server/node_modules/ioredis/built/redis/RedisOptions").RedisOptions' is not assignable to type 'import("C:/Users/thain/PycharmProjects/idea-nests/server/node_modules/bullmq/node_modules/ioredis/built/redis/RedisOptions").RedisOptions'.
          Type 'RedisOptions' is not assignable to type 'CommonRedisOptions'.
            Types of property 'Connector' are incompatible.
              Type 'import("C:/Users/thain/PycharmProjects/idea-nests/server/node_modules/ioredis/built/connectors/ConnectorConstructor").default | undefined' is not assignable to type 'import("C:/Users/thain/PycharmProjects/idea-nests/server/node_modules/bullmq/node_modules/ioredis/built/connectors/ConnectorConstructor").default | undefined'.
                Type 'import("C:/Users/thain/PycharmProjects/idea-nests/server/node_modules/ioredis/built/connectors/ConnectorConstructor").default' is not assignable to type 'import("C:/Users/thain/PycharmProjects/idea-nests/server/node_modules/bullmq/node_modules/ioredis/built/connectors/ConnectorConstructor").default'.
                  Type 'import("C:/Users/thain/PycharmProjects/idea-nests/server/node_modules/ioredis/built/connectors/AbstractConnector").default' is not assignable to type 'import("C:/Users/thain/PycharmProjects/idea-nests/server/node_modules/bullmq/node_modules/ioredis/built/connectors/AbstractConnector").default'.
                    Property 'connecting' is protected but type 'AbstractConnector' is not a class derived from 'AbstractConnector'.
